// Jest Snapshot v1, https://goo.gl/fbAQLP

exports[`<Footer /> should render 1`] = `
.c2 {
  max-width: 120rem;
  margin: 0 auto;
  padding: 3.2rem;
}

.c4 {
  font-size: 2.4rem;
}

.c0 {
  text-align: center;
  border-top: 0.1rem solid #DDDDDD;
}

.c0 a {
  -webkit-text-decoration: none;
  text-decoration: none;
  color: inherit;
}

.c0 .c3 {
  font-size: 1.6rem;
}

.c0 .c1 {
  padding-top: 0;
  padding-bottom: 0;
}

<div>
  <footer
    class="c0"
  >
    <div
      class="c1 c2"
    >
      <div
        class="c3 c4"
      >
        <h1>
          Ol√°
        </h1>
      </div>
    </div>
  </footer>
</div>
`;
